2026-07-08 12:16:39,740 INFO o.a.j.u.JMeterUtils: Setting Locale to en_EN
2026-07-08 12:16:39,766 INFO o.a.j.JMeter: Loading user properties from: C:\General\apache-jmeter-5.6.3\bin\user.properties
2026-07-08 12:16:39,779 INFO o.a.j.JMeter: Loading system properties from: C:\General\apache-jmeter-5.6.3\bin\system.properties
2026-07-08 12:16:39,779 INFO o.a.j.JMeter: Setting JMeter property: PRODUCT_ID=7dbb2df1-6c36-43f1-83ff-298031cd275f
2026-07-08 12:16:39,779 INFO o.a.j.JMeter: Setting JMeter property: BENCH_MODE=spring-integration
2026-07-08 12:16:39,779 INFO o.a.j.JMeter: Setting JMeter property: IDENTITY_HOST=127.0.0.1
2026-07-08 12:16:39,779 INFO o.a.j.JMeter: Setting JMeter property: IDENTITY_PORT=8086
2026-07-08 12:16:39,779 INFO o.a.j.JMeter: Setting JMeter property: INTEGRATION_HOST=127.0.0.1
2026-07-08 12:16:39,779 INFO o.a.j.JMeter: Setting JMeter property: INTEGRATION_PORT=8085
2026-07-08 12:16:39,779 INFO o.a.j.JMeter: Setting JMeter property: THREADS=10
2026-07-08 12:16:39,779 INFO o.a.j.JMeter: Setting JMeter property: RAMP_UP=5
2026-07-08 12:16:39,779 INFO o.a.j.JMeter: Setting JMeter property: LOOPS=20
2026-07-08 12:16:39,788 INFO o.a.j.JMeter: Copyright (c) 1998-2024 The Apache Software Foundation
2026-07-08 12:16:39,789 INFO o.a.j.JMeter: Version 5.6.3
2026-07-08 12:16:39,789 INFO o.a.j.JMeter: java.version=25.0.1
2026-07-08 12:16:39,789 INFO o.a.j.JMeter: java.vm.name=OpenJDK 64-Bit Server VM
2026-07-08 12:16:39,789 INFO o.a.j.JMeter: os.name=Windows 11
2026-07-08 12:16:39,789 INFO o.a.j.JMeter: os.arch=amd64
2026-07-08 12:16:39,789 INFO o.a.j.JMeter: os.version=10.0
2026-07-08 12:16:39,789 INFO o.a.j.JMeter: file.encoding=UTF-8
2026-07-08 12:16:39,789 INFO o.a.j.JMeter: java.awt.headless=true
2026-07-08 12:16:39,789 INFO o.a.j.JMeter: Max memory     =1073741824
2026-07-08 12:16:39,789 INFO o.a.j.JMeter: Available Processors =22
2026-07-08 12:16:39,803 INFO o.a.j.JMeter: Default Locale=English (EN)
2026-07-08 12:16:39,803 INFO o.a.j.JMeter: JMeter  Locale=English (EN)
2026-07-08 12:16:39,803 INFO o.a.j.JMeter: JMeterHome=C:\General\apache-jmeter-5.6.3
2026-07-08 12:16:39,803 INFO o.a.j.JMeter: user.dir  =C:\General\knowladge-Base\OMS-POC
2026-07-08 12:16:39,804 INFO o.a.j.JMeter: PWD       =C:\General\knowladge-Base\OMS-POC
2026-07-08 12:16:40,049 INFO o.a.j.JMeter: IP: 172.17.20.222 Name: TI-LAP-1119 FullName: 172.17.20.222
2026-07-08 12:16:40,084 INFO o.a.j.JMeter: Setting property 'jmeter.reportgenerator.outputdir' to:'C:\General\knowladge-Base\OMS-POC\benchmark\..\benchmark\jmeter\results\report-spring-integration-20260807_121627'
2026-07-08 12:16:40,096 INFO o.a.j.s.FileServer: Default base='C:\General\knowladge-Base\OMS-POC'
2026-07-08 12:16:40,098 INFO o.a.j.s.FileServer: Set new base='C:\General\knowladge-Base\OMS-POC\benchmark\..\benchmark\jmeter'
2026-07-08 12:16:40,331 INFO o.a.j.s.SaveService: Testplan (JMX) version: 2.2. Testlog (JTL) version: 2.2
2026-07-08 12:16:40,371 INFO o.a.j.s.SaveService: Using SaveService properties version 5.0
2026-07-08 12:16:40,375 INFO o.a.j.s.SaveService: Using SaveService properties file encoding UTF-8
2026-07-08 12:16:40,380 INFO o.a.j.s.SaveService: Loading file: C:\General\knowladge-Base\OMS-POC\benchmark\..\benchmark\jmeter\oms-place-order-benchmark.jmx
2026-07-08 12:16:40,454 INFO o.a.j.p.h.s.HTTPSamplerBase: Parser for text/html is org.apache.jmeter.protocol.http.parser.LagartoBasedHtmlParser
2026-07-08 12:16:40,454 INFO o.a.j.p.h.s.HTTPSamplerBase: Parser for application/xhtml+xml is org.apache.jmeter.protocol.http.parser.LagartoBasedHtmlParser
2026-07-08 12:16:40,454 INFO o.a.j.p.h.s.HTTPSamplerBase: Parser for application/xml is org.apache.jmeter.protocol.http.parser.LagartoBasedHtmlParser
2026-07-08 12:16:40,454 INFO o.a.j.p.h.s.HTTPSamplerBase: Parser for text/xml is org.apache.jmeter.protocol.http.parser.LagartoBasedHtmlParser
2026-07-08 12:16:40,454 INFO o.a.j.p.h.s.HTTPSamplerBase: Parser for text/vnd.wap.wml is org.apache.jmeter.protocol.http.parser.RegexpHTMLParser
2026-07-08 12:16:40,454 INFO o.a.j.p.h.s.HTTPSamplerBase: Parser for text/css is org.apache.jmeter.protocol.http.parser.CssParser
2026-07-08 12:16:40,526 INFO o.a.j.JMeter: Creating summariser <summary>
2026-07-08 12:16:40,531 INFO o.a.j.r.d.ReportGenerator: ReportGenerator will use for Parsing the separator: ','
2026-07-08 12:16:40,532 INFO o.a.j.r.d.ReportGenerator: Will generate report at end of test from  results file: C:\General\knowladge-Base\OMS-POC\benchmark\..\benchmark\jmeter\results\spring-integration-20260807_121627.jtl
2026-07-08 12:16:40,532 INFO o.a.j.r.d.ReportGenerator: Reading report generator properties from: C:\General\apache-jmeter-5.6.3\bin\reportgenerator.properties
2026-07-08 12:16:40,548 INFO o.a.j.r.d.ReportGenerator: Merging with JMeter properties
2026-07-08 12:16:40,552 INFO o.a.j.r.c.ReportGeneratorConfiguration: Property 'jmeter.reportgenerator.temp_dir' not found, using default value 'temp' instead.
2026-07-08 12:16:40,554 INFO o.a.j.r.c.ReportGeneratorConfiguration: Property 'jmeter.reportgenerator.apdex_per_transaction' not found, using default value 'null' instead.
2026-07-08 12:16:40,554 INFO o.a.j.r.c.ReportGeneratorConfiguration: apdex_per_transaction is empty, not APDEX per transaction customization
2026-07-08 12:16:40,554 INFO o.a.j.r.c.ReportGeneratorConfiguration: Property 'jmeter.reportgenerator.sample_filter' not found, using default value 'null' instead.
2026-07-08 12:16:40,555 INFO o.a.j.r.c.ReportGeneratorConfiguration: Property 'jmeter.reportgenerator.report_title' not found, using default value 'null' instead.
2026-07-08 12:16:40,555 INFO o.a.j.r.c.ReportGeneratorConfiguration: Property 'jmeter.reportgenerator.start_date' not found, using default value 'null' instead.
2026-07-08 12:16:40,555 INFO o.a.j.r.c.ReportGeneratorConfiguration: Property 'jmeter.reportgenerator.end_date' not found, using default value 'null' instead.
2026-07-08 12:16:40,555 INFO o.a.j.r.c.ReportGeneratorConfiguration: Property 'jmeter.reportgenerator.date_format' not found, using default value 'null' instead.
2026-07-08 12:16:40,555 INFO o.a.j.r.c.ReportGeneratorConfiguration: Will use date range start date: null, end date: null
2026-07-08 12:16:40,559 INFO o.a.j.r.c.ReportGeneratorConfiguration: Property 'jmeter.reportgenerator.graph.totalTPS.exclude_controllers' not found, using default value 'false' instead.
2026-07-08 12:16:40,560 INFO o.a.j.r.c.ReportGeneratorConfiguration: Property 'jmeter.reportgenerator.graph.activeThreadsOverTime.exclude_controllers' not found, using default value 'false' instead.
2026-07-08 12:16:40,560 INFO o.a.j.r.c.ReportGeneratorConfiguration: Property 'jmeter.reportgenerator.graph.timeVsThreads.exclude_controllers' not found, using default value 'false' instead.
2026-07-08 12:16:40,560 INFO o.a.j.r.c.ReportGeneratorConfiguration: Property 'jmeter.reportgenerator.graph.responseTimeDistribution.exclude_controllers' not found, using default value 'false' instead.
2026-07-08 12:16:40,560 INFO o.a.j.r.c.ReportGeneratorConfiguration: Property 'jmeter.reportgenerator.graph.transactionsPerSecond.exclude_controllers' not found, using default value 'false' instead.
2026-07-08 12:16:40,560 INFO o.a.j.r.c.ReportGeneratorConfiguration: Property 'jmeter.reportgenerator.graph.responseTimePercentiles.exclude_controllers' not found, using default value 'false' instead.
2026-07-08 12:16:40,560 INFO o.a.j.r.c.ReportGeneratorConfiguration: Property 'jmeter.reportgenerator.graph.responseTimePercentilesOverTime.exclude_controllers' not found, using default value 'false' instead.
2026-07-08 12:16:40,561 INFO o.a.j.r.c.ReportGeneratorConfiguration: Property 'jmeter.reportgenerator.graph.responseTimesOverTime.exclude_controllers' not found, using default value 'false' instead.
2026-07-08 12:16:40,561 INFO o.a.j.r.c.ReportGeneratorConfiguration: Property 'jmeter.reportgenerator.graph.connectTimeOverTime.exclude_controllers' not found, using default value 'false' instead.
2026-07-08 12:16:40,561 INFO o.a.j.r.c.ReportGeneratorConfiguration: Property 'jmeter.reportgenerator.graph.latenciesOverTime.exclude_controllers' not found, using default value 'false' instead.
2026-07-08 12:16:40,562 INFO o.a.j.r.c.ReportGeneratorConfiguration: Property 'jmeter.reportgenerator.exporter.json.filters_only_sample_series' not found, using default value 'true' instead.
2026-07-08 12:16:40,562 INFO o.a.j.r.c.ReportGeneratorConfiguration: Property 'jmeter.reportgenerator.exporter.json.series_filter' not found, using default value '' instead.
2026-07-08 12:16:40,562 INFO o.a.j.r.c.ReportGeneratorConfiguration: Property 'jmeter.reportgenerator.exporter.json.show_controllers_only' not found, using default value 'false' instead.
2026-07-08 12:16:40,562 INFO o.a.j.r.c.ReportGeneratorConfiguration: Property 'jmeter.reportgenerator.exporter.html.filters_only_sample_series' not found, using default value 'true' instead.
2026-07-08 12:16:40,562 INFO o.a.j.r.c.ReportGeneratorConfiguration: Property 'jmeter.reportgenerator.exporter.html.series_filter' not found, using default value '' instead.
2026-07-08 12:16:40,562 INFO o.a.j.r.c.ReportGeneratorConfiguration: Property 'jmeter.reportgenerator.exporter.html.show_controllers_only' not found, using default value 'false' instead.
2026-07-08 12:16:40,579 INFO o.a.j.e.StandardJMeterEngine: Running the test!
2026-07-08 12:16:40,580 INFO o.a.j.s.SampleEvent: List of sample_variables: []
2026-07-08 12:16:40,580 INFO o.a.j.s.SampleEvent: List of sample_variables: []
2026-07-08 12:16:40,586 INFO o.a.j.e.u.CompoundVariable: Note: Function class names must contain the string: '.functions.'
2026-07-08 12:16:40,586 INFO o.a.j.e.u.CompoundVariable: Note: Function class names must not contain the string: '.gui.'
2026-07-08 12:16:40,693 INFO o.a.j.JMeter: Running test (1783493200693)
2026-07-08 12:16:40,713 INFO o.a.j.e.StandardJMeterEngine: Starting ThreadGroup: 1 : Saga Benchmark
2026-07-08 12:16:40,714 INFO o.a.j.e.StandardJMeterEngine: Starting 10 threads for group Saga Benchmark.
2026-07-08 12:16:40,714 INFO o.a.j.e.StandardJMeterEngine: Test will stop on error
2026-07-08 12:16:40,714 INFO o.a.j.t.ThreadGroup: Starting thread group... number=1 threads=10 ramp-up=5 delayedStart=false
2026-07-08 12:16:40,720 INFO o.a.j.t.JMeterThread: Thread started: Saga Benchmark 1-1
2026-07-08 12:16:40,725 INFO o.a.j.t.ThreadGroup: Started thread group number 1
2026-07-08 12:16:40,725 INFO o.a.j.e.StandardJMeterEngine: Waiting for thread group: Saga Benchmark to finish before starting next group
2026-07-08 12:16:40,742 INFO o.a.j.p.h.s.HTTPHCAbstractImpl: Local host = TI-LAP-1119
2026-07-08 12:16:40,751 INFO o.a.j.p.h.s.HTTPHC4Impl: HTTP request retry count = 0
2026-07-08 12:16:40,752 INFO o.a.j.s.SampleResult: Note: Sample TimeStamps are START times
2026-07-08 12:16:40,752 INFO o.a.j.s.SampleResult: sampleresult.default.encoding is set to UTF-8
2026-07-08 12:16:40,752 INFO o.a.j.s.SampleResult: sampleresult.useNanoTime=true
2026-07-08 12:16:40,752 INFO o.a.j.s.SampleResult: sampleresult.nanoThreadSleep=5000
2026-07-08 12:16:41,218 INFO o.a.j.t.JMeterThread: Thread started: Saga Benchmark 1-2
2026-07-08 12:16:41,717 INFO o.a.j.t.JMeterThread: Thread started: Saga Benchmark 1-3
2026-07-08 12:16:42,217 INFO o.a.j.t.JMeterThread: Thread started: Saga Benchmark 1-4
2026-07-08 12:16:42,225 INFO o.a.j.t.JMeterThread: Thread is done: Saga Benchmark 1-3
2026-07-08 12:16:42,226 INFO o.a.j.t.JMeterThread: Thread finished: Saga Benchmark 1-3
2026-07-08 12:16:42,227 INFO o.a.j.t.JMeterThread: Thread is done: Saga Benchmark 1-2
2026-07-08 12:16:42,227 INFO o.a.j.t.JMeterThread: Thread finished: Saga Benchmark 1-2
2026-07-08 12:16:42,227 INFO o.a.j.t.JMeterThread: Thread is done: Saga Benchmark 1-1
2026-07-08 12:16:42,227 INFO o.a.j.t.JMeterThread: Thread finished: Saga Benchmark 1-1
2026-07-08 12:16:42,318 INFO o.a.j.t.JMeterThread: Thread is done: Saga Benchmark 1-4
2026-07-08 12:16:42,318 INFO o.a.j.t.JMeterThread: Thread finished: Saga Benchmark 1-4
2026-07-08 12:16:42,717 INFO o.a.j.t.JMeterThread: Thread started: Saga Benchmark 1-5
2026-07-08 12:16:42,845 INFO o.a.j.t.JMeterThread: Thread is done: Saga Benchmark 1-5
2026-07-08 12:16:42,845 INFO o.a.j.t.JMeterThread: Thread finished: Saga Benchmark 1-5
2026-07-08 12:16:43,217 INFO o.a.j.t.JMeterThread: Thread started: Saga Benchmark 1-6
2026-07-08 12:16:43,324 INFO o.a.j.t.JMeterThread: Thread is done: Saga Benchmark 1-6
2026-07-08 12:16:43,324 INFO o.a.j.t.JMeterThread: Thread finished: Saga Benchmark 1-6
2026-07-08 12:16:43,717 INFO o.a.j.t.JMeterThread: Thread started: Saga Benchmark 1-7
2026-07-08 12:16:43,842 INFO o.a.j.t.JMeterThread: Thread is done: Saga Benchmark 1-7
2026-07-08 12:16:43,843 INFO o.a.j.t.JMeterThread: Thread finished: Saga Benchmark 1-7
2026-07-08 12:16:44,216 INFO o.a.j.t.JMeterThread: Thread started: Saga Benchmark 1-8
2026-07-08 12:16:44,334 INFO o.a.j.t.JMeterThread: Thread is done: Saga Benchmark 1-8
2026-07-08 12:16:44,334 INFO o.a.j.t.JMeterThread: Thread finished: Saga Benchmark 1-8
2026-07-08 12:16:44,716 INFO o.a.j.t.JMeterThread: Thread started: Saga Benchmark 1-9
2026-07-08 12:16:44,822 INFO o.a.j.t.JMeterThread: Thread is done: Saga Benchmark 1-9
2026-07-08 12:16:44,822 INFO o.a.j.t.JMeterThread: Thread finished: Saga Benchmark 1-9
2026-07-08 12:16:45,215 INFO o.a.j.t.JMeterThread: Thread started: Saga Benchmark 1-10
2026-07-08 12:16:45,328 INFO o.a.j.t.JMeterThread: Thread is done: Saga Benchmark 1-10
2026-07-08 12:16:45,328 INFO o.a.j.t.JMeterThread: Thread finished: Saga Benchmark 1-10
2026-07-08 12:16:45,329 INFO o.a.j.e.StandardJMeterEngine: Starting ThreadGroup: 2 : Camel Pipeline Benchmark
2026-07-08 12:16:45,329 INFO o.a.j.e.StandardJMeterEngine: Starting 10 threads for group Camel Pipeline Benchmark.
2026-07-08 12:16:45,329 INFO o.a.j.e.StandardJMeterEngine: Test will stop on error
2026-07-08 12:16:45,329 INFO o.a.j.t.ThreadGroup: Starting thread group... number=2 threads=10 ramp-up=5 delayedStart=false
2026-07-08 12:16:45,331 INFO o.a.j.t.JMeterThread: Thread started: Camel Pipeline Benchmark 2-1
2026-07-08 12:16:45,336 INFO o.a.j.t.ThreadGroup: Started thread group number 2
2026-07-08 12:16:45,336 INFO o.a.j.e.StandardJMeterEngine: Waiting for thread group: Camel Pipeline Benchmark to finish before starting next group
2026-07-08 12:16:45,444 INFO o.a.j.t.JMeterThread: Thread is done: Camel Pipeline Benchmark 2-1
2026-07-08 12:16:45,444 INFO o.a.j.t.JMeterThread: Thread finished: Camel Pipeline Benchmark 2-1
2026-07-08 12:16:45,833 INFO o.a.j.t.JMeterThread: Thread started: Camel Pipeline Benchmark 2-2
2026-07-08 12:16:45,946 INFO o.a.j.t.JMeterThread: Thread is done: Camel Pipeline Benchmark 2-2
2026-07-08 12:16:45,946 INFO o.a.j.t.JMeterThread: Thread finished: Camel Pipeline Benchmark 2-2
2026-07-08 12:16:46,333 INFO o.a.j.t.JMeterThread: Thread started: Camel Pipeline Benchmark 2-3
2026-07-08 12:16:46,440 INFO o.a.j.t.JMeterThread: Thread is done: Camel Pipeline Benchmark 2-3
2026-07-08 12:16:46,440 INFO o.a.j.t.JMeterThread: Thread finished: Camel Pipeline Benchmark 2-3
2026-07-08 12:16:46,833 INFO o.a.j.t.JMeterThread: Thread started: Camel Pipeline Benchmark 2-4
2026-07-08 12:16:46,927 INFO o.a.j.t.JMeterThread: Thread is done: Camel Pipeline Benchmark 2-4
2026-07-08 12:16:46,927 INFO o.a.j.t.JMeterThread: Thread finished: Camel Pipeline Benchmark 2-4
2026-07-08 12:16:47,333 INFO o.a.j.t.JMeterThread: Thread started: Camel Pipeline Benchmark 2-5
2026-07-08 12:16:47,435 INFO o.a.j.t.JMeterThread: Thread is done: Camel Pipeline Benchmark 2-5
2026-07-08 12:16:47,435 INFO o.a.j.t.JMeterThread: Thread finished: Camel Pipeline Benchmark 2-5
2026-07-08 12:16:47,832 INFO o.a.j.t.JMeterThread: Thread started: Camel Pipeline Benchmark 2-6
2026-07-08 12:16:47,935 INFO o.a.j.t.JMeterThread: Thread is done: Camel Pipeline Benchmark 2-6
2026-07-08 12:16:47,935 INFO o.a.j.t.JMeterThread: Thread finished: Camel Pipeline Benchmark 2-6
2026-07-08 12:16:48,333 INFO o.a.j.t.JMeterThread: Thread started: Camel Pipeline Benchmark 2-7
2026-07-08 12:16:48,436 INFO o.a.j.t.JMeterThread: Thread is done: Camel Pipeline Benchmark 2-7
2026-07-08 12:16:48,436 INFO o.a.j.t.JMeterThread: Thread finished: Camel Pipeline Benchmark 2-7
2026-07-08 12:16:48,833 INFO o.a.j.t.JMeterThread: Thread started: Camel Pipeline Benchmark 2-8
2026-07-08 12:16:48,916 INFO o.a.j.t.JMeterThread: Thread is done: Camel Pipeline Benchmark 2-8
2026-07-08 12:16:48,916 INFO o.a.j.t.JMeterThread: Thread finished: Camel Pipeline Benchmark 2-8
2026-07-08 12:16:49,331 INFO o.a.j.t.JMeterThread: Thread started: Camel Pipeline Benchmark 2-9
2026-07-08 12:16:49,431 INFO o.a.j.t.JMeterThread: Thread is done: Camel Pipeline Benchmark 2-9
2026-07-08 12:16:49,431 INFO o.a.j.t.JMeterThread: Thread finished: Camel Pipeline Benchmark 2-9
2026-07-08 12:16:49,834 INFO o.a.j.t.JMeterThread: Thread started: Camel Pipeline Benchmark 2-10
2026-07-08 12:16:49,935 INFO o.a.j.t.JMeterThread: Thread is done: Camel Pipeline Benchmark 2-10
2026-07-08 12:16:49,936 INFO o.a.j.t.JMeterThread: Thread finished: Camel Pipeline Benchmark 2-10
2026-07-08 12:16:49,936 INFO o.a.j.e.StandardJMeterEngine: Starting ThreadGroup: 3 : Spring Integration Benchmark
2026-07-08 12:16:49,936 INFO o.a.j.e.StandardJMeterEngine: Starting 10 threads for group Spring Integration Benchmark.
2026-07-08 12:16:49,936 INFO o.a.j.e.StandardJMeterEngine: Test will stop on error
2026-07-08 12:16:49,937 INFO o.a.j.t.ThreadGroup: Starting thread group... number=3 threads=10 ramp-up=5 delayedStart=false
2026-07-08 12:16:49,938 INFO o.a.j.t.JMeterThread: Thread started: Spring Integration Benchmark 3-1
2026-07-08 12:16:49,941 INFO o.a.j.t.ThreadGroup: Started thread group number 3
2026-07-08 12:16:49,941 INFO o.a.j.e.StandardJMeterEngine: All thread groups have been started
2026-07-08 12:16:50,440 INFO o.a.j.t.JMeterThread: Thread started: Spring Integration Benchmark 3-2
2026-07-08 12:16:50,941 INFO o.a.j.t.JMeterThread: Thread started: Spring Integration Benchmark 3-3
2026-07-08 12:16:51,440 INFO o.a.j.t.JMeterThread: Thread started: Spring Integration Benchmark 3-4
2026-07-08 12:16:51,939 INFO o.a.j.t.JMeterThread: Thread started: Spring Integration Benchmark 3-5
2026-07-08 12:16:52,439 INFO o.a.j.t.JMeterThread: Thread started: Spring Integration Benchmark 3-6
2026-07-08 12:16:52,938 INFO o.a.j.t.JMeterThread: Thread started: Spring Integration Benchmark 3-7
2026-07-08 12:16:53,439 INFO o.a.j.t.JMeterThread: Thread started: Spring Integration Benchmark 3-8
2026-07-08 12:16:53,947 INFO o.a.j.t.JMeterThread: Thread started: Spring Integration Benchmark 3-9
2026-07-08 12:16:54,443 INFO o.a.j.t.JMeterThread: Thread started: Spring Integration Benchmark 3-10
2026-07-08 12:17:00,805 INFO o.a.j.r.Summariser: summary +     45 in 00:00:20 =    2.2/s Avg:   125 Min:    19 Max:   686 Err:     0 (0.00%) Active: 10 Started: 30 Finished: 20
2026-07-08 12:17:30,460 INFO o.a.j.r.Summariser: summary +     73 in 00:00:30 =    2.5/s Avg:    27 Min:    14 Max:    66 Err:     0 (0.00%) Active: 10 Started: 30 Finished: 20
2026-07-08 12:17:30,460 INFO o.a.j.r.Summariser: summary =    118 in 00:00:50 =    2.4/s Avg:    64 Min:    14 Max:   686 Err:     0 (0.00%)
2026-07-08 12:18:00,079 INFO o.a.j.r.Summariser: summary +     74 in 00:00:30 =    2.5/s Avg:    25 Min:    11 Max:    62 Err:     0 (0.00%) Active: 10 Started: 30 Finished: 20
2026-07-08 12:18:00,080 INFO o.a.j.r.Summariser: summary =    192 in 00:01:19 =    2.4/s Avg:    49 Min:    11 Max:   686 Err:     0 (0.00%)
2026-07-08 12:18:30,062 INFO o.a.j.r.Summariser: summary +     74 in 00:00:30 =    2.5/s Avg:    23 Min:    11 Max:   106 Err:     0 (0.00%) Active: 10 Started: 30 Finished: 20
2026-07-08 12:18:30,062 INFO o.a.j.r.Summariser: summary =    266 in 00:01:49 =    2.4/s Avg:    42 Min:    11 Max:   686 Err:     0 (0.00%)
2026-07-08 12:19:00,371 INFO o.a.j.r.Summariser: summary +     75 in 00:00:30 =    2.5/s Avg:    20 Min:     9 Max:    74 Err:     0 (0.00%) Active: 10 Started: 30 Finished: 20
2026-07-08 12:19:00,371 INFO o.a.j.r.Summariser: summary =    341 in 00:02:20 =    2.4/s Avg:    37 Min:     9 Max:   686 Err:     0 (0.00%)
2026-07-08 12:19:26,853 INFO o.a.j.t.JMeterThread: Thread is done: Spring Integration Benchmark 3-2
2026-07-08 12:19:26,853 INFO o.a.j.t.JMeterThread: Thread finished: Spring Integration Benchmark 3-2
2026-07-08 12:19:30,059 INFO o.a.j.r.Summariser: summary +     74 in 00:00:30 =    2.5/s Avg:    17 Min:     8 Max:    39 Err:     0 (0.00%) Active: 9 Started: 30 Finished: 21
2026-07-08 12:19:30,059 INFO o.a.j.r.Summariser: summary =    415 in 00:02:49 =    2.5/s Avg:    33 Min:     8 Max:   686 Err:     0 (0.00%)
2026-07-08 12:19:30,946 INFO o.a.j.t.JMeterThread: Thread is done: Spring Integration Benchmark 3-7
2026-07-08 12:19:30,946 INFO o.a.j.t.JMeterThread: Thread finished: Spring Integration Benchmark 3-7
2026-07-08 12:19:31,468 INFO o.a.j.t.JMeterThread: Thread is done: Spring Integration Benchmark 3-1
2026-07-08 12:19:31,468 INFO o.a.j.t.JMeterThread: Thread finished: Spring Integration Benchmark 3-1
2026-07-08 12:19:31,925 INFO o.a.j.t.JMeterThread: Thread is done: Spring Integration Benchmark 3-5
2026-07-08 12:19:31,925 INFO o.a.j.t.JMeterThread: Thread finished: Spring Integration Benchmark 3-5
2026-07-08 12:19:33,122 INFO o.a.j.t.JMeterThread: Thread is done: Spring Integration Benchmark 3-4
2026-07-08 12:19:33,122 INFO o.a.j.t.JMeterThread: Thread finished: Spring Integration Benchmark 3-4
2026-07-08 12:19:35,244 INFO o.a.j.t.JMeterThread: Thread is done: Spring Integration Benchmark 3-8
2026-07-08 12:19:35,244 INFO o.a.j.t.JMeterThread: Thread finished: Spring Integration Benchmark 3-8
2026-07-08 12:19:36,227 INFO o.a.j.t.JMeterThread: Thread is done: Spring Integration Benchmark 3-6
2026-07-08 12:19:36,227 INFO o.a.j.t.JMeterThread: Thread finished: Spring Integration Benchmark 3-6
2026-07-08 12:19:36,629 INFO o.a.j.t.JMeterThread: Thread is done: Spring Integration Benchmark 3-3
2026-07-08 12:19:36,629 INFO o.a.j.t.JMeterThread: Thread finished: Spring Integration Benchmark 3-3
2026-07-08 12:19:36,880 INFO o.a.j.t.JMeterThread: Thread is done: Spring Integration Benchmark 3-10
2026-07-08 12:19:36,880 INFO o.a.j.t.JMeterThread: Thread finished: Spring Integration Benchmark 3-10
2026-07-08 12:19:41,385 INFO o.a.j.t.JMeterThread: Thread is done: Spring Integration Benchmark 3-9
2026-07-08 12:19:41,385 INFO o.a.j.t.JMeterThread: Thread finished: Spring Integration Benchmark 3-9
2026-07-08 12:19:41,388 INFO o.a.j.e.StandardJMeterEngine: Notifying test listeners of end of test
2026-07-08 12:19:41,388 INFO o.a.j.r.Summariser: summary +     15 in 00:00:11 =    1.3/s Avg:    19 Min:    10 Max:    46 Err:     0 (0.00%) Active: 0 Started: 30 Finished: 30
2026-07-08 12:19:41,388 INFO o.a.j.r.Summariser: summary =    430 in 00:03:01 =    2.4/s Avg:    33 Min:     8 Max:   686 Err:     0 (0.00%)
2026-07-08 12:19:41,388 INFO o.a.j.JMeter: Generating Dashboard
2026-07-08 12:19:41,388 INFO o.a.j.r.d.ReportGenerator: Flushing result collector before report Generation
2026-07-08 12:19:41,456 INFO o.a.j.r.p.NormalizerSampleConsumer: Using format, 'ms', to parse timeStamp field
2026-07-08 12:19:41,613 INFO o.a.j.r.p.AbstractSampleConsumer: class org.apache.jmeter.report.processor.AggregateConsumer#stopProducing(): beginDate produced 0 samples
2026-07-08 12:19:41,613 INFO o.a.j.r.p.AbstractSampleConsumer: class org.apache.jmeter.report.processor.AggregateConsumer#stopProducing(): endDate produced 0 samples
2026-07-08 12:19:41,616 INFO o.a.j.r.p.AbstractSampleConsumer: class org.apache.jmeter.report.processor.ApdexSummaryConsumer#stopProducing(): apdexSummary produced 0 samples
2026-07-08 12:19:41,616 INFO o.a.j.r.p.AbstractSampleConsumer: class org.apache.jmeter.report.processor.RequestsSummaryConsumer#stopProducing(): requestsSummary produced 0 samples
2026-07-08 12:19:41,621 INFO o.a.j.r.p.AbstractSampleConsumer: class org.apache.jmeter.report.processor.StatisticsSummaryConsumer#stopProducing(): statisticsSummary produced 0 samples
2026-07-08 12:19:41,622 INFO o.a.j.r.p.AbstractSampleConsumer: class org.apache.jmeter.report.processor.Top5ErrorsBySamplerConsumer#stopProducing(): top5ErrorsBySampler produced 0 samples
2026-07-08 12:19:41,622 INFO o.a.j.r.p.AbstractSampleConsumer: class org.apache.jmeter.report.processor.ErrorsSummaryConsumer#stopProducing(): errorsSummary produced 0 samples
2026-07-08 12:19:41,622 INFO o.a.j.r.p.AbstractSampleConsumer: class org.apache.jmeter.report.processor.graph.impl.HitsPerSecondGraphConsumer#stopProducing(): hitsPerSecond produced 0 samples
2026-07-08 12:19:41,702 INFO o.a.j.r.p.AbstractSampleConsumer: class org.apache.jmeter.report.processor.graph.impl.LatencyVSRequestGraphConsumer#stopProducing(): latencyVsRequest produced 0 samples
2026-07-08 12:19:41,702 INFO o.a.j.r.p.AbstractSampleConsumer: class org.apache.jmeter.report.processor.graph.impl.SyntheticResponseTimeDistributionGraphConsumer#stopProducing(): syntheticResponseTimeDistribution produced 0 samples
2026-07-08 12:19:41,702 INFO o.a.j.r.p.AbstractSampleConsumer: class org.apache.jmeter.report.processor.graph.impl.BytesThroughputGraphConsumer#stopProducing(): bytesThroughputOverTime produced 0 samples
2026-07-08 12:19:41,702 INFO o.a.j.r.p.AbstractSampleConsumer: class org.apache.jmeter.report.processor.graph.impl.CodesPerSecondGraphConsumer#stopProducing(): codesPerSecond produced 0 samples
2026-07-08 12:19:41,736 INFO o.a.j.r.p.AbstractSampleConsumer: class org.apache.jmeter.report.processor.graph.impl.ResponseTimeVSRequestGraphConsumer#stopProducing(): responseTimeVsRequest produced 0 samples
2026-07-08 12:19:41,736 INFO o.a.j.r.p.AbstractSampleConsumer: class org.apache.jmeter.report.processor.FilterConsumer#stopProducing(): startIntervalControlerFilter produced 3010 samples
2026-07-08 12:19:41,736 INFO o.a.j.r.p.AbstractSampleConsumer: class org.apache.jmeter.report.processor.graph.impl.TotalTPSGraphConsumer#stopProducing(): totalTPS produced 0 samples
2026-07-08 12:19:41,736 INFO o.a.j.r.p.AbstractSampleConsumer: class org.apache.jmeter.report.processor.graph.impl.ActiveThreadsGraphConsumer#stopProducing(): activeThreadsOverTime produced 0 samples
2026-07-08 12:19:41,736 INFO o.a.j.r.p.AbstractSampleConsumer: class org.apache.jmeter.report.processor.graph.impl.TimeVSThreadGraphConsumer#stopProducing(): timeVsThreads produced 0 samples
2026-07-08 12:19:41,736 INFO o.a.j.r.p.AbstractSampleConsumer: class org.apache.jmeter.report.processor.graph.impl.ResponseTimeDistributionGraphConsumer#stopProducing(): responseTimeDistribution produced 0 samples
2026-07-08 12:19:41,736 INFO o.a.j.r.p.AbstractSampleConsumer: class org.apache.jmeter.report.processor.graph.impl.TransactionsPerSecondGraphConsumer#stopProducing(): transactionsPerSecond produced 0 samples
2026-07-08 12:19:41,736 INFO o.a.j.r.p.AbstractSampleConsumer: class org.apache.jmeter.report.processor.graph.impl.ResponseTimePercentilesGraphConsumer#stopProducing(): responseTimePercentiles produced 0 samples
2026-07-08 12:19:41,740 INFO o.a.j.r.p.AbstractSampleConsumer: class org.apache.jmeter.report.processor.graph.impl.ResponseTimePercentilesOverTimeGraphConsumer#stopProducing(): responseTimePercentilesOverTime produced 0 samples
2026-07-08 12:19:41,740 INFO o.a.j.r.p.AbstractSampleConsumer: class org.apache.jmeter.report.processor.graph.impl.ResponseTimeOverTimeGraphConsumer#stopProducing(): responseTimesOverTime produced 0 samples
2026-07-08 12:19:41,740 INFO o.a.j.r.p.AbstractSampleConsumer: class org.apache.jmeter.report.processor.graph.impl.ConnectTimeOverTimeGraphConsumer#stopProducing(): connectTimeOverTime produced 0 samples
2026-07-08 12:19:41,740 INFO o.a.j.r.p.AbstractSampleConsumer: class org.apache.jmeter.report.processor.graph.impl.LatencyOverTimeGraphConsumer#stopProducing(): latenciesOverTime produced 0 samples
2026-07-08 12:19:41,740 INFO o.a.j.r.p.AbstractSampleConsumer: class org.apache.jmeter.report.processor.FilterConsumer#stopProducing(): nameFilter produced 6450 samples
2026-07-08 12:19:41,740 INFO o.a.j.r.p.AbstractSampleConsumer: class org.apache.jmeter.report.processor.FilterConsumer#stopProducing(): dateRangeFilter produced 1290 samples
2026-07-08 12:19:41,740 INFO o.a.j.r.p.AbstractSampleConsumer: class org.apache.jmeter.report.processor.NormalizerSampleConsumer#stopProducing(): normalizer produced 430 samples
2026-07-08 12:19:41,740 INFO o.a.j.r.p.CsvFileSampleSource: produce(): 430 samples produced in 248ms on channel 0
2026-07-08 12:19:41,740 INFO o.a.j.r.d.ReportGenerator: Exporting data using exporter:'json' of className:'org.apache.jmeter.report.dashboard.JsonExporter'
2026-07-08 12:19:41,885 INFO o.a.j.r.d.JsonExporter: Found data for consumer statisticsSummary in context
2026-07-08 12:19:41,885 INFO o.a.j.r.d.JsonExporter: Creating statistics for overall
2026-07-08 12:19:41,885 INFO o.a.j.r.d.JsonExporter: Creating statistics for other transactions
2026-07-08 12:19:41,885 INFO o.a.j.r.d.JsonExporter: Checking output folder
2026-07-08 12:19:41,885 INFO o.a.j.r.d.JsonExporter: Writing statistics JSON to C:\General\knowladge-Base\OMS-POC\benchmark\..\benchmark\jmeter\results\report-spring-integration-20260807_121627\statistics.json
2026-07-08 12:19:41,926 INFO o.a.j.r.d.ReportGenerator: Exporting data using exporter:'html' of className:'org.apache.jmeter.report.dashboard.HtmlTemplateExporter'
2026-07-08 12:19:41,942 INFO o.a.j.r.d.HtmlTemplateExporter: Will generate dashboard in folder: C:\General\knowladge-Base\OMS-POC\benchmark\..\benchmark\jmeter\results\report-spring-integration-20260807_121627
2026-07-08 12:19:42,085 INFO o.a.j.r.d.HtmlTemplateExporter: Report will be generated in: C:\General\knowladge-Base\OMS-POC\benchmark\..\benchmark\jmeter\results\report-spring-integration-20260807_121627, creating folder structure
2026-07-08 12:19:42,085 INFO o.a.j.r.d.TemplateVisitor: Copying folder from 'C:\General\apache-jmeter-5.6.3\bin\report-template' to 'C:\General\knowladge-Base\OMS-POC\benchmark\..\benchmark\jmeter\results\report-spring-integration-20260807_121627', got message: C:\General\knowladge-Base\OMS-POC\benchmark\..\benchmark\jmeter\results\report-spring-integration-20260807_121627, found non empty folder with following content [C:\General\knowladge-Base\OMS-POC\benchmark\..\benchmark\jmeter\results\report-spring-integration-20260807_121627\statistics.json], will be ignored
2026-07-08 12:19:42,986 INFO o.a.j.JMeter: Dashboard generated
